[debug] [2026-08-16T04:55:11.043Z] ----------------------------------------------------------------------
[debug] [2026-08-16T04:55:11.046Z] Command:       /opt/homebrew/Cellar/node/26.5.0_1/bin/node /opt/homebrew/bin/firebase apps:list --project classmates-23e84
[debug] [2026-08-16T04:55:11.046Z] CLI Version:   15.24.0
[debug] [2026-08-16T04:55:11.046Z] Platform:      darwin
[debug] [2026-08-16T04:55:11.046Z] Node Version:  v26.5.0
[debug] [2026-08-16T04:55:11.047Z] Detected Agent: codex_cli
[debug] [2026-08-16T04:55:11.047Z] Time:          Sun Aug 16 2026 10:25:11 GMT+0530 (India Standard Time)
[debug] [2026-08-16T04:55:11.047Z] ----------------------------------------------------------------------
[debug] 
[debug] [2026-08-16T04:55:11.058Z] >>> [apiv2][query] GET https://firebase-public.firebaseio.com/cli.json [none]
[debug] [2026-08-16T04:55:11.112Z] > command requires scopes: ["email","openid","https://www.googleapis.com/auth/cloudplatformprojects.readonly","https://www.googleapis.com/auth/firebase","https://www.googleapis.com/auth/cloud-platform"]
[debug] [2026-08-16T04:55:11.275Z] Error: Could not load the default credentials. Browse to https://cloud.google.com/docs/authentication/getting-started for more information.
    at GoogleAuth.getApplicationDefaultAsync (/opt/homebrew/Cellar/firebase-cli/15.24.0/libexec/lib/node_modules/firebase-tools/node_modules/google-auth-library/build/src/auth/googleauth.js:287:15)
    at process.processTicksAndRejections (node:internal/process/task_queues:104:5)
    at async GoogleAuth._GoogleAuth_determineClient (/opt/homebrew/Cellar/firebase-cli/15.24.0/libexec/lib/node_modules/firebase-tools/node_modules/google-auth-library/build/src/auth/googleauth.js:834:32)
    at async GoogleAuth.getClient (/opt/homebrew/Cellar/firebase-cli/15.24.0/libexec/lib/node_modules/firebase-tools/node_modules/google-auth-library/build/src/auth/googleauth.js:698:20)
    at async GoogleAuth.getAccessToken (/opt/homebrew/Cellar/firebase-cli/15.24.0/libexec/lib/node_modules/firebase-tools/node_modules/google-auth-library/build/src/auth/googleauth.js:722:24)
    at async autoAuth (/opt/homebrew/Cellar/firebase-cli/15.24.0/libexec/lib/node_modules/firebase-tools/lib/requireAuth.js:38:19)
    at async Object.requireAuth [as fn] (/opt/homebrew/Cellar/firebase-cli/15.24.0/libexec/lib/node_modules/firebase-tools/lib/requireAuth.js:100:20)
    at async /opt/homebrew/Cellar/firebase-cli/15.24.0/libexec/lib/node_modules/firebase-tools/lib/command.js:271:17
[error] 
[error] Error: Failed to authenticate, have you run firebase login?
